-- Found external ninja('1.12.1').
-- Configuring x64-windows
[1/1] "G:/Visual Studio/Common7/IDE/CommonExtensions/Microsoft/CMake/CMake/bin/cmake.exe" -E chdir ".." "G:/Visual Studio/Common7/IDE/CommonExtensions/Microsoft/CMake/CMake/bin/cmake.exe" "G:/Visual Studio/VC/vcpkg/scripts/detect_compiler" "-G" "Ninja" "-DCMAKE_BUILD_TYPE=Release" "-DCMAKE_INSTALL_PREFIX=G:/git/OmniLink/vcpkg_installed/vcpkg/pkgs/detect_compiler_x64-windows" "-DCMAKE_MAKE_PROGRAM=G:/Visual Studio/Common7/IDE/CommonExtensions/Microsoft/CMake/Ninja/ninja.exe" "-DBUILD_SHARED_LIBS=ON" "-DVCPKG_CHAINLOAD_TOOLCHAIN_FILE=G:/Visual Studio/VC/vcpkg/scripts/toolchains/windows.cmake" "-DVCPKG_TARGET_TRIPLET=x64-windows" "-DVCPKG_SET_CHARSET_FLAG=ON" "-DVCPKG_PLATFORM_TOOLSET=v143" "-DCMAKE_EXPORT_NO_PACKAGE_REGISTRY=ON" "-DCMAKE_FIND_PACKAGE_NO_PACKAGE_REGISTRY=ON" "-DCMAKE_FIND_PACKAGE_NO_SYSTEM_PACKAGE_REGISTRY=ON" "-DCMAKE_INSTALL_SYSTEM_RUNTIME_LIBS_SKIP=TRUE" "-DCMAKE_VERBOSE_MAKEFILE=ON" "-DVCPKG_APPLOCAL_DEPS=OFF" "-DCMAKE_TOOLCHAIN_FILE=G:/Visual Studio/VC/vcpkg/scripts/buildsystems/vcpkg.cmake" "-DCMAKE_ERROR_ON_ABSOLUTE_INSTALL_DESTINATION=ON" "-DVCPKG_CXX_FLAGS=" "-DVCPKG_CXX_FLAGS_RELEASE=" "-DVCPKG_CXX_FLAGS_DEBUG=" "-DVCPKG_C_FLAGS=" "-DVCPKG_C_FLAGS_RELEASE=" "-DVCPKG_C_FLAGS_DEBUG=" "-DVCPKG_CRT_LINKAGE=dynamic" "-DVCPKG_LINKER_FLAGS=" "-DVCPKG_LINKER_FLAGS_RELEASE=" "-DVCPKG_LINKER_FLAGS_DEBUG=" "-DVCPKG_TARGET_ARCHITECTURE=x64" "-DCMAKE_INSTALL_LIBDIR:STRING=lib" "-DCMAKE_INSTALL_BINDIR:STRING=bin" "-D_VCPKG_ROOT_DIR=G:/Visual Studio/VC/vcpkg" "-DZ_VCPKG_ROOT_DIR=G:/Visual Studio/VC/vcpkg" "-D_VCPKG_INSTALLED_DIR=G:/git/OmniLink/vcpkg_installed" "-DVCPKG_MANIFEST_INSTALL=OFF"
-- The C compiler identification is MSVC 19.43.34810.0
-- The CXX compiler identification is MSVC 19.43.34810.0
#COMPILER_HASH#e5a04d143a3402f855ec129ea1b2c800bfca8dff
#COMPILER_C_HASH#83e7840dcebedcf6107131bcd71557a97755eb11
#COMPILER_C_VERSION#19.43.34810.0
#COMPILER_C_ID#MSVC
#COMPILER_C_PATH#G:/Visual Studio/VC/Tools/MSVC/14.43.34808/bin/Hostx64/x64/cl.exe
#COMPILER_CXX_HASH#83e7840dcebedcf6107131bcd71557a97755eb11
#COMPILER_CXX_VERSION#19.43.34810.0
#COMPILER_CXX_ID#MSVC
#COMPILER_CXX_PATH#G:/Visual Studio/VC/Tools/MSVC/14.43.34808/bin/Hostx64/x64/cl.exe
-- Configuring done (0.8s)
-- Generating done (0.0s)
CMake Warning:
  Manually-specified variables were not used by the project:

    BUILD_SHARED_LIBS
    CMAKE_INSTALL_BINDIR
    CMAKE_INSTALL_LIBDIR
    _VCPKG_ROOT_DIR


-- Build files have been written to: G:/git/OmniLink/vcpkg_installed/vcpkg/blds/detect_compiler/x64-windows-rel

